
**** Command: 
device=/dev/media0

**** Command: 
tail -4 /boot/firmware/config.txt
[all]
dtoverlay=tc358743,4lane=1
dtoverlay=tc358743-audio


**** Command: 
v4l2-ctl --list-devices
pispbe (platform:1000880000.pisp_be):
	/dev/video20
	/dev/video21
	/dev/video22
	/dev/video23
	/dev/video24
	/dev/video25
	/dev/video26
	/dev/video27
	/dev/video28
	/dev/video29
	/dev/video30
	/dev/video31
	/dev/video32
	/dev/video33
	/dev/video34
	/dev/video35
	/dev/media1
	/dev/media2

rp1-cfe (platform:1f00128000.csi):
	/dev/video0
	/dev/video1
	/dev/video2
	/dev/video3
	/dev/video4
	/dev/video5
	/dev/video6
	/dev/video7
	/dev/media0

rpi-hevc-dec (platform:rpi-hevc-dec):
	/dev/video19
	/dev/media3


**** Command: 
v4l2-ctl -d /dev/v4l-subdev2 --set-edid=file=./1080P60EDID.txt --fix-edid-checksums

**** Command: 
v4l2-ctl -d /dev/v4l-subdev2 --query-dv-timings
	Active width: 1920
	Active height: 1080
	Total width: 2200
	Total height: 1125
	Frame format: progressive
	Polarities: -vsync -hsync
	Pixelclock: 148500000 Hz (60.00 frames per second)
	Horizontal frontporch: 0
	Horizontal sync: 280
	Horizontal backporch: 0
	Vertical frontporch: 0
	Vertical sync: 45
	Vertical backporch: 0
	Standards: 
	Flags: 

**** Command: 
v4l2-ctl -d /dev/v4l-subdev2 --set-dv-bt-timings query
BT timings set

**** Command: 
media-ctl -d /dev/media0 -r

**** Command: 
media-ctl -d /dev/media0 -l ''\''csi2'\'':4 -> '\''rp1-cfe-csi2_ch0'\'':0 [1]'

**** Command: 
media-ctl -d /dev/media0 -V ''\''csi2'\'':0 [fmt:RGB888_1X24/1920x1080 field:none colorspace:srgb]'

**** Command: 
media-ctl -d /dev/media0 -V ''\''csi2'\'':4 [fmt:RGB888_1X24/1920x1080 field:none colorspace:srgb]'

**** Command: 
v4l2-ctl -v width=1920,height=1080,pixelformat=RGB3

**** Command: 
v4l2-ctl --verbose -d /dev/video0 --set-fmt-video=width=1920,height=1080,pixelformat=RGB3 --stream-mmap=4 --stream-skip=3 --stream-count=2 --stream-to=csitest.yuv --stream-poll
		VIDIOC_REQBUFS returned 0 (Success)
		VIDIOC_QUERYBUF returned 0 (Success)
		VIDIOC_QUERYBUF returned 0 (Success)
		VIDIOC_QUERYBUF returned 0 (Success)
		VIDIOC_QUERYBUF returned 0 (Success)
		VIDIOC_QBUF returned 0 (Success)
		VIDIOC_QBUF returned 0 (Success)
		VIDIOC_QBUF returned 0 (Success)
		VIDIOC_QBUF returned 0 (Success)
		VIDIOC_STREAMON returned -1 (Broken pipe)
VIDIOC_QUERYCAP: ok
VIDIOC_G_FMT: ok
VIDIOC_S_FMT: ok
Format Video Capture:
	Width/Height      : 1920/1080
	Pixel Format      : 'RGB3' (24-bit RGB 8-8-8)
	Field             : None
	Bytes per Line    : 5760
	Size Image        : 6220800
	Colorspace        : Raw
	Transfer Function : None
	YCbCr/HSV Encoding: ITU-R 601
	Quantization      : Full Range
	Flags             : 

**** Command: 
dmesg

**** Command: 
tail -1
[  861.729446] rp1-cfe 1f00128000.csi: Failed to start media pipeline: -32
